C:/osProjects/rtos/GCC_STM32CubeIDE/9_Semaphore/chip_headers/CMSIS/Include/core_cm4.h:1688:22:__NVIC_EnableIRQ	16	static
C:/osProjects/rtos/GCC_STM32CubeIDE/9_Semaphore/chip_headers/CMSIS/Include/core_cm4.h:1816:22:__NVIC_SetPriority	16	static
../Src/osKernel.c:35:6:osKernelStackInit	16	static
../Src/osKernel.c:61:9:osKernelAddThreads	24	static,ignoring_inline_asm
../Src/osKernel.c:93:6:osKernelInit	4	static
../Src/osKernel.c:97:6:osKernelLaunch	16	static
../Src/osKernel.c:120:29:SysTick_Handler	0	static,ignoring_inline_asm
../Src/osKernel.c:159:6:osSchedulerLaunch	4	static,ignoring_inline_asm
../Src/osKernel.c:195:6:osThreadYield	4	static
../Src/osKernel.c:203:6:osSchedulerRoundRobin	8	static
../Src/osKernel.c:212:6:tim2_1hz_interrupt_init	8	static
../Src/osKernel.c:235:6:osSemaphoreInit	16	static
../Src/osKernel.c:240:6:osSemaphoreSet	16	static,ignoring_inline_asm
../Src/osKernel.c:246:6:osSemaphoreWait	16	static,ignoring_inline_asm
